/home/mfernandes/erestaurante/src/main/java/com/mikeias/erestaurante/config/CacheConfiguration.java
/home/mfernandes/erestaurante/src/main/java/com/mikeias/erestaurante/web/websocket/EntityNotfy.java
/home/mfernandes/erestaurante/src/main/java/com/mikeias/erestaurante/security/AuthoritiesConstants.java
/home/mfernandes/erestaurante/src/main/java/com/mikeias/erestaurante/web/websocket/package-info.java
/home/mfernandes/erestaurante/src/main/java/com/mikeias/erestaurante/config/WebConfigurer.java
/home/mfernandes/erestaurante/src/main/java/com/mikeias/erestaurante/domain/Script.java
/home/mfernandes/erestaurante/src/main/java/com/mikeias/erestaurante/domain/Comanda.java
/home/mfernandes/erestaurante/src/main/java/com/mikeias/erestaurante/config/audit/package-info.java
/home/mfernandes/erestaurante/src/main/java/com/mikeias/erestaurante/config/Constants.java
/home/mfernandes/erestaurante/src/main/java/com/mikeias/erestaurante/config/LocaleConfiguration.java
/home/mfernandes/erestaurante/src/main/java/com/mikeias/erestaurante/config/DateTimeFormatConfiguration.java
/home/mfernandes/erestaurante/src/main/java/com/mikeias/erestaurante/security/jwt/JWTConfigurer.java
/home/mfernandes/erestaurante/src/main/java/com/mikeias/erestaurante/domain/Impressora.java
/home/mfernandes/erestaurante/src/main/java/com/mikeias/erestaurante/config/JacksonConfiguration.java
/home/mfernandes/erestaurante/src/main/java/com/mikeias/erestaurante/web/rest/vm/LoginVM.java
/home/mfernandes/erestaurante/src/main/java/com/mikeias/erestaurante/config/AsyncConfiguration.java
/home/mfernandes/erestaurante/src/main/java/com/mikeias/erestaurante/domain/Cargo.java
/home/mfernandes/erestaurante/src/main/java/com/mikeias/erestaurante/web/rest/MesaResource.java
/home/mfernandes/erestaurante/src/main/java/com/mikeias/erestaurante/repository/CargoRepository.java
/home/mfernandes/erestaurante/src/main/java/com/mikeias/erestaurante/repository/UserRepository.java
/home/mfernandes/erestaurante/src/main/java/com/mikeias/erestaurante/config/WebsocketConfiguration.java
/home/mfernandes/erestaurante/src/main/java/com/mikeias/erestaurante/repository/ComandaRepository.java
/home/mfernandes/erestaurante/src/main/java/com/mikeias/erestaurante/service/util/RandomUtil.java
/home/mfernandes/erestaurante/src/main/java/com/mikeias/erestaurante/repository/LancamentoRepository.java
/home/mfernandes/erestaurante/src/main/java/com/mikeias/erestaurante/web/rest/LancamentoResource.java
/home/mfernandes/erestaurante/src/main/java/com/mikeias/erestaurante/config/package-info.java
/home/mfernandes/erestaurante/src/main/java/com/mikeias/erestaurante/repository/ProdutoRepository.java
/home/mfernandes/erestaurante/src/main/java/com/mikeias/erestaurante/web/rest/util/HeaderUtil.java
/home/mfernandes/erestaurante/src/main/java/com/mikeias/erestaurante/web/rest/vm/KeyAndPasswordVM.java
/home/mfernandes/erestaurante/src/main/java/com/mikeias/erestaurante/security/SpringSecurityAuditorAware.java
/home/mfernandes/erestaurante/src/main/java/com/mikeias/erestaurante/web/rest/ColaboradorResource.java
/home/mfernandes/erestaurante/src/main/java/com/mikeias/erestaurante/service/mapper/UserMapper.java
/home/mfernandes/erestaurante/src/main/java/com/mikeias/erestaurante/aop/logging/LoggingAspect.java
/home/mfernandes/erestaurante/src/main/java/com/mikeias/erestaurante/service/MailService.java
/home/mfernandes/erestaurante/src/main/java/com/mikeias/erestaurante/web/websocket/dto/package-info.java
/home/mfernandes/erestaurante/src/main/java/com/mikeias/erestaurante/domain/enumeration/Dia.java
/home/mfernandes/erestaurante/src/main/java/com/mikeias/erestaurante/repository/ClienteRepository.java
/home/mfernandes/erestaurante/src/main/java/com/mikeias/erestaurante/service/dto/package-info.java
/home/mfernandes/erestaurante/src/main/java/com/mikeias/erestaurante/domain/Nota.java
/home/mfernandes/erestaurante/src/main/java/com/mikeias/erestaurante/security/DomainUserDetailsService.java
/home/mfernandes/erestaurante/src/main/java/com/mikeias/erestaurante/web/rest/CardapioResource.java
/home/mfernandes/erestaurante/src/main/java/com/mikeias/erestaurante/repository/AuthorityRepository.java
/home/mfernandes/erestaurante/src/main/java/com/mikeias/erestaurante/repository/VendaRepository.java
/home/mfernandes/erestaurante/src/main/java/com/mikeias/erestaurante/web/rest/vm/package-info.java
/home/mfernandes/erestaurante/src/main/java/com/mikeias/erestaurante/domain/package-info.java
/home/mfernandes/erestaurante/src/main/java/com/mikeias/erestaurante/domain/enumeration/VendaStatus.java
/home/mfernandes/erestaurante/src/main/java/com/mikeias/erestaurante/web/rest/ProfileInfoResource.java
/home/mfernandes/erestaurante/src/main/java/com/mikeias/erestaurante/web/rest/ClienteResource.java
/home/mfernandes/erestaurante/src/main/java/com/mikeias/erestaurante/domain/Restaurante.java
/home/mfernandes/erestaurante/src/main/java/com/mikeias/erestaurante/domain/Produto.java
/home/mfernandes/erestaurante/src/main/java/com/mikeias/erestaurante/config/audit/AuditEventConverter.java
/home/mfernandes/erestaurante/src/main/java/com/mikeias/erestaurante/domain/enumeration/CargoTipo.java
/home/mfernandes/erestaurante/src/main/java/com/mikeias/erestaurante/domain/Mesa.java
/home/mfernandes/erestaurante/src/main/java/com/mikeias/erestaurante/web/rest/errors/BadRequestAlertException.java
/home/mfernandes/erestaurante/src/main/java/com/mikeias/erestaurante/domain/Colaborador.java
/home/mfernandes/erestaurante/src/main/java/com/mikeias/erestaurante/web/rest/ImpostoResource.java
/home/mfernandes/erestaurante/src/main/java/com/mikeias/erestaurante/repository/MesaRepository.java
/home/mfernandes/erestaurante/src/main/java/com/mikeias/erestaurante/service/IORestService.java
/home/mfernandes/erestaurante/src/main/java/com/mikeias/erestaurante/web/rest/vm/LoggerVM.java
/home/mfernandes/erestaurante/src/main/java/com/mikeias/erestaurante/ERestauranteApp.java
/home/mfernandes/erestaurante/src/main/java/com/mikeias/erestaurante/config/CloudDatabaseConfiguration.java
/home/mfernandes/erestaurante/src/main/java/com/mikeias/erestaurante/web/rest/errors/FieldErrorVM.java
/home/mfernandes/erestaurante/src/main/java/com/mikeias/erestaurante/repository/ImpostoRepository.java
/home/mfernandes/erestaurante/src/main/java/com/mikeias/erestaurante/web/rest/ImpressoraResource.java
/home/mfernandes/erestaurante/src/main/java/com/mikeias/erestaurante/repository/NotaRepository.java
/home/mfernandes/erestaurante/src/main/java/com/mikeias/erestaurante/security/jwt/JWTFilter.java
/home/mfernandes/erestaurante/src/main/java/com/mikeias/erestaurante/service/package-info.java
/home/mfernandes/erestaurante/src/main/java/com/mikeias/erestaurante/domain/Venda.java
/home/mfernandes/erestaurante/src/main/java/com/mikeias/erestaurante/web/rest/AuditResource.java
/home/mfernandes/erestaurante/src/main/java/com/mikeias/erestaurante/web/rest/ComandaResource.java
/home/mfernandes/erestaurante/src/main/java/com/mikeias/erestaurante/web/rest/errors/EmailAlreadyUsedException.java
/home/mfernandes/erestaurante/src/main/java/com/mikeias/erestaurante/domain/Endereco.java
/home/mfernandes/erestaurante/src/main/java/com/mikeias/erestaurante/web/rest/EnderecoResource.java
/home/mfernandes/erestaurante/src/main/java/com/mikeias/erestaurante/web/rest/errors/InternalServerErrorException.java
/home/mfernandes/erestaurante/src/main/java/com/mikeias/erestaurante/config/ThymeleafConfiguration.java
/home/mfernandes/erestaurante/src/main/java/com/mikeias/erestaurante/repository/RestauranteRepository.java
/home/mfernandes/erestaurante/src/main/java/com/mikeias/erestaurante/web/rest/errors/InvalidPasswordException.java
/home/mfernandes/erestaurante/src/main/java/com/mikeias/erestaurante/repository/package-info.java
/home/mfernandes/erestaurante/src/main/java/com/mikeias/erestaurante/web/rest/ProdutoResource.java
/home/mfernandes/erestaurante/src/main/java/com/mikeias/erestaurante/service/mapper/package-info.java
/home/mfernandes/erestaurante/src/main/java/com/mikeias/erestaurante/web/rest/util/DoubleUtil.java
/home/mfernandes/erestaurante/src/main/java/com/mikeias/erestaurante/domain/PrintersStatus.java
/home/mfernandes/erestaurante/src/main/java/com/mikeias/erestaurante/web/rest/AccountResource.java
/home/mfernandes/erestaurante/src/main/java/com/mikeias/erestaurante/ApplicationWebXml.java
/home/mfernandes/erestaurante/src/main/java/com/mikeias/erestaurante/domain/Imposto.java
/home/mfernandes/erestaurante/src/main/java/com/mikeias/erestaurante/config/DatabaseConfiguration.java
/home/mfernandes/erestaurante/src/main/java/com/mikeias/erestaurante/security/package-info.java
/home/mfernandes/erestaurante/src/main/java/com/mikeias/erestaurante/config/WebsocketSecurityConfiguration.java
/home/mfernandes/erestaurante/src/main/java/com/mikeias/erestaurante/domain/Cardapio.java
/home/mfernandes/erestaurante/src/main/java/com/mikeias/erestaurante/repository/ImpressoraRepository.java
/home/mfernandes/erestaurante/src/main/java/com/mikeias/erestaurante/config/ApplicationProperties.java
/home/mfernandes/erestaurante/src/main/java/com/mikeias/erestaurante/web/rest/CargoResource.java
/home/mfernandes/erestaurante/src/main/java/com/mikeias/erestaurante/domain/Cliente.java
/home/mfernandes/erestaurante/src/main/java/com/mikeias/erestaurante/web/rest/package-info.java
/home/mfernandes/erestaurante/src/main/java/com/mikeias/erestaurante/domain/AbstractAuditingEntity.java
/home/mfernandes/erestaurante/src/main/java/com/mikeias/erestaurante/domain/User.java
/home/mfernandes/erestaurante/src/main/java/com/mikeias/erestaurante/web/rest/util/PaginationUtil.java
/home/mfernandes/erestaurante/src/main/java/com/mikeias/erestaurante/security/jwt/TokenProvider.java
/home/mfernandes/erestaurante/src/main/java/com/mikeias/erestaurante/domain/enumeration/Status.java
/home/mfernandes/erestaurante/src/main/java/com/mikeias/erestaurante/web/rest/vm/ManagedUserVM.java
/home/mfernandes/erestaurante/src/main/java/com/mikeias/erestaurante/repository/EnderecoRepository.java
/home/mfernandes/erestaurante/src/main/java/com/mikeias/erestaurante/repository/PersistenceAuditEventRepository.java
/home/mfernandes/erestaurante/src/main/java/com/mikeias/erestaurante/config/LoggingConfiguration.java
/home/mfernandes/erestaurante/src/main/java/com/mikeias/erestaurante/web/rest/VendaResource.java
/home/mfernandes/erestaurante/src/main/java/com/mikeias/erestaurante/service/UserService.java
/home/mfernandes/erestaurante/src/main/java/com/mikeias/erestaurante/web/rest/errors/ErrorConstants.java
/home/mfernandes/erestaurante/src/main/java/com/mikeias/erestaurante/config/SecurityConfiguration.java
/home/mfernandes/erestaurante/src/main/java/com/mikeias/erestaurante/web/rest/UserJWTController.java
/home/mfernandes/erestaurante/src/main/java/com/mikeias/erestaurante/security/SecurityUtils.java
/home/mfernandes/erestaurante/src/main/java/com/mikeias/erestaurante/repository/ColaboradorRepository.java
/home/mfernandes/erestaurante/src/main/java/com/mikeias/erestaurante/security/UserNotActivatedException.java
/home/mfernandes/erestaurante/src/main/java/com/mikeias/erestaurante/domain/ImpressoraData.java
/home/mfernandes/erestaurante/src/main/java/com/mikeias/erestaurante/domain/Authority.java
/home/mfernandes/erestaurante/src/main/java/com/mikeias/erestaurante/config/MetricsConfiguration.java
/home/mfernandes/erestaurante/src/main/java/com/mikeias/erestaurante/web/rest/errors/EmailNotFoundException.java
/home/mfernandes/erestaurante/src/main/java/com/mikeias/erestaurante/web/rest/errors/ExceptionTranslator.java
/home/mfernandes/erestaurante/src/main/java/com/mikeias/erestaurante/web/rest/LogsResource.java
/home/mfernandes/erestaurante/src/main/java/com/mikeias/erestaurante/web/rest/NotaResource.java
/home/mfernandes/erestaurante/src/main/java/com/mikeias/erestaurante/web/websocket/dto/ActivityDTO.java
/home/mfernandes/erestaurante/src/main/java/com/mikeias/erestaurante/service/AuditEventService.java
/home/mfernandes/erestaurante/src/main/java/com/mikeias/erestaurante/web/rest/errors/LoginAlreadyUsedException.java
/home/mfernandes/erestaurante/src/main/java/com/mikeias/erestaurante/web/websocket/ActivityService.java
/home/mfernandes/erestaurante/src/main/java/com/mikeias/erestaurante/web/rest/errors/package-info.java
/home/mfernandes/erestaurante/src/main/java/com/mikeias/erestaurante/domain/enumeration/Unidade.java
/home/mfernandes/erestaurante/src/main/java/com/mikeias/erestaurante/domain/PersistentAuditEvent.java
/home/mfernandes/erestaurante/src/main/java/com/mikeias/erestaurante/domain/Lancamento.java
/home/mfernandes/erestaurante/src/main/java/com/mikeias/erestaurante/repository/CustomAuditEventRepository.java
/home/mfernandes/erestaurante/src/main/java/com/mikeias/erestaurante/domain/enumeration/Natureza.java
/home/mfernandes/erestaurante/src/main/java/com/mikeias/erestaurante/service/PrivilegioService.java
/home/mfernandes/erestaurante/src/main/java/com/mikeias/erestaurante/web/rest/errors/CustomParameterizedException.java
/home/mfernandes/erestaurante/src/main/java/com/mikeias/erestaurante/service/dto/UserDTO.java
/home/mfernandes/erestaurante/src/main/java/com/mikeias/erestaurante/repository/CardapioRepository.java
/home/mfernandes/erestaurante/src/main/java/com/mikeias/erestaurante/web/rest/UserResource.java
/home/mfernandes/erestaurante/src/main/java/com/mikeias/erestaurante/web/rest/RestauranteResource.java
/home/mfernandes/erestaurante/src/main/java/com/mikeias/erestaurante/config/DefaultProfileUtil.java
/home/mfernandes/erestaurante/src/main/java/com/mikeias/erestaurante/config/LoggingAspectConfiguration.java
