/home/mfernandes/erestaurante/src/test/java/com/mikeias/erestaurante/web/rest/ColaboradorResourceIntTest.java
/home/mfernandes/erestaurante/src/test/java/com/mikeias/erestaurante/security/jwt/JWTFilterTest.java
/home/mfernandes/erestaurante/src/test/java/com/mikeias/erestaurante/web/rest/TestUtil.java
/home/mfernandes/erestaurante/src/test/java/com/mikeias/erestaurante/web/rest/ImpostoResourceIntTest.java
/home/mfernandes/erestaurante/src/test/java/com/mikeias/erestaurante/security/SecurityUtilsUnitTest.java
/home/mfernandes/erestaurante/src/test/java/com/mikeias/erestaurante/web/rest/ProdutoResourceIntTest.java
/home/mfernandes/erestaurante/src/test/java/com/mikeias/erestaurante/web/rest/errors/ExceptionTranslatorTestController.java
/home/mfernandes/erestaurante/src/test/java/com/mikeias/erestaurante/web/rest/AccountResourceIntTest.java
/home/mfernandes/erestaurante/src/test/java/com/mikeias/erestaurante/service/UserServiceIntTest.java
/home/mfernandes/erestaurante/src/test/java/com/mikeias/erestaurante/config/WebConfigurerTestController.java
/home/mfernandes/erestaurante/src/test/java/com/mikeias/erestaurante/repository/CustomAuditEventRepositoryIntTest.java
/home/mfernandes/erestaurante/src/test/java/com/mikeias/erestaurante/web/rest/LancamentoResourceIntTest.java
/home/mfernandes/erestaurante/src/test/java/com/mikeias/erestaurante/web/rest/ProfileInfoResourceIntTest.java
/home/mfernandes/erestaurante/src/test/java/com/mikeias/erestaurante/web/rest/EnderecoResourceIntTest.java
/home/mfernandes/erestaurante/src/test/java/com/mikeias/erestaurante/web/rest/CargoResourceIntTest.java
/home/mfernandes/erestaurante/src/test/java/com/mikeias/erestaurante/web/rest/VendaResourceIntTest.java
/home/mfernandes/erestaurante/src/test/java/com/mikeias/erestaurante/web/rest/util/PaginationUtilUnitTest.java
/home/mfernandes/erestaurante/src/test/java/com/mikeias/erestaurante/web/rest/CardapioResourceIntTest.java
/home/mfernandes/erestaurante/src/test/java/com/mikeias/erestaurante/web/rest/AuditResourceIntTest.java
/home/mfernandes/erestaurante/src/test/java/com/mikeias/erestaurante/service/MailServiceIntTest.java
/home/mfernandes/erestaurante/src/test/java/com/mikeias/erestaurante/config/WebConfigurerTest.java
/home/mfernandes/erestaurante/src/test/java/com/mikeias/erestaurante/web/rest/ClienteResourceIntTest.java
/home/mfernandes/erestaurante/src/test/java/com/mikeias/erestaurante/web/rest/RestauranteResourceIntTest.java
/home/mfernandes/erestaurante/src/test/java/com/mikeias/erestaurante/web/rest/LogsResourceIntTest.java
/home/mfernandes/erestaurante/src/test/java/com/mikeias/erestaurante/security/jwt/TokenProviderTest.java
/home/mfernandes/erestaurante/src/test/java/com/mikeias/erestaurante/web/rest/errors/ExceptionTranslatorIntTest.java
/home/mfernandes/erestaurante/src/test/java/com/mikeias/erestaurante/web/rest/ImpressoraResourceIntTest.java
/home/mfernandes/erestaurante/src/test/java/com/mikeias/erestaurante/web/rest/UserJWTControllerIntTest.java
/home/mfernandes/erestaurante/src/test/java/com/mikeias/erestaurante/web/rest/ComandaResourceIntTest.java
/home/mfernandes/erestaurante/src/test/java/com/mikeias/erestaurante/web/rest/UserResourceIntTest.java
/home/mfernandes/erestaurante/src/test/java/com/mikeias/erestaurante/web/rest/NotaResourceIntTest.java
/home/mfernandes/erestaurante/src/test/java/com/mikeias/erestaurante/web/rest/MesaResourceIntTest.java
